Executing action: all (aliases: build)
Running cmake in directory /home/master/project/traffic-light_nfc_s3/build
Executing "cmake -G Ninja -DPYTHON_DEPS_CHECKED=1 -DPYTHON=/home/master/.espressif/python_env/idf5.5_py3.10_env/bin/python -DESP_PLATFORM=1 -DCCACHE_ENABLE=0 /home/master/project/traffic-light_nfc_s3"...
-- IDF_TARGET is not set, guessed 'esp32s3' from sdkconfig '/home/master/project/traffic-light_nfc_s3/sdkconfig'
-- Found Git: /usr/bin/git (found version "2.34.1")
-- Minimal build - OFF
-- The C compiler identification is GNU 14.2.0
-- The CXX compiler identification is GNU 14.2.0
-- The ASM compiler identification is GNU
-- Found assembler: /home/master/.espressif/tools/xtensa-esp-elf/esp-14.2.0_20241119/xtensa-esp-elf/bin/xtensa-esp32s3-elf-gcc
-- Detecting C compiler ABI info
-- Detecting C compiler ABI info - done
-- Check for working C compiler: /home/master/.espressif/tools/xtensa-esp-elf/esp-14.2.0_20241119/xtensa-esp-elf/bin/xtensa-esp32s3-elf-gcc - skipped
-- Detecting C compile features
-- Detecting C compile features - done
-- Detecting CXX compiler ABI info
-- Detecting CXX compiler ABI info - done
-- Check for working CXX compiler: /home/master/.espressif/tools/xtensa-esp-elf/esp-14.2.0_20241119/xtensa-esp-elf/bin/xtensa-esp32s3-elf-g++ - skipped
-- Detecting CXX compile features
-- Detecting CXX compile features - done
-- Building ESP-IDF components for target esp32s3
NOTICE: Skipping optional dependency: espressif/lan867x
NOTICE: 
Following dependencies have new versions available:
Dependency "espressif/iot_usbh_modem": "2.0.0" -> "2.1.0"
Consider running "idf.py update-dependencies" to update your lock file.
NOTICE: Processing 15 dependencies:
NOTICE: [1/15] esp-idf-lib/esp_idf_lib_helpers (1.4.0)
NOTICE: [2/15] esp-idf-lib/i2cdev (2.1.1)
NOTICE: [3/15] esp-idf-lib/pcf8574 (1.0.10)
NOTICE: [4/15] espressif/ch390 (0.4.0)
NOTICE: [5/15] espressif/cmake_utilities (0.5.3)
NOTICE: [6/15] espressif/enc28j60 (1.1.0)
NOTICE: [7/15] espressif/ethernet_init (0.6.1)
NOTICE: [8/15] espressif/iot_eth (1.0.0)
NOTICE: [9/15] espressif/iot_usbh_cdc (3.0.0)
NOTICE: [10/15] espressif/iot_usbh_modem (2.0.0)
NOTICE: [11/15] espressif/lan865x (0.1.4)
NOTICE: [12/15] espressif/lan86xx_common (1.0.0)
NOTICE: [13/15] espressif/modem_at (0.1.0)
NOTICE: [14/15] garag/esp-idf-pn532 (0.2.1)
NOTICE: [15/15] idf (5.5.0)
-- i2cdev: ESP-IDF v5.5 detected, using new i2c_master driver
-- i2cdev: Compiling with new I2C master driver (i2cdev.c)
NOTICE: Skipping optional dependency: espressif/lan867x
-- Project sdkconfig file /home/master/project/traffic-light_nfc_s3/sdkconfig
Loading defaults file /home/master/project/traffic-light_nfc_s3/sdkconfig.defaults...
-- Compiler supported targets: xtensa-esp-elf
-- Found Python3: /home/master/.espressif/python_env/idf5.5_py3.10_env/bin/python (found version "3.10.12") found components: Interpreter
-- Performing Test CMAKE_HAVE_LIBC_PTHREAD
-- Performing Test CMAKE_HAVE_LIBC_PTHREAD - Success
-- Found Threads: TRUE
-- Performing Test C_COMPILER_SUPPORTS_WFORMAT_SIGNEDNESS
-- Performing Test C_COMPILER_SUPPORTS_WFORMAT_SIGNEDNESS - Success
-- USING O3
-- App "traffic-light_nfc_s3" version: 1.0.0
-- Adding linker script /home/master/project/traffic-light_nfc_s3/build/esp-idf/esp_system/ld/memory.ld
-- Adding linker script /home/master/project/traffic-light_nfc_s3/build/esp-idf/esp_system/ld/sections.ld.in
-- Adding linker script /home/master/esp/v5.5/esp-idf/components/esp_rom/esp32s3/ld/esp32s3.rom.ld
-- Adding linker script /home/master/esp/v5.5/esp-idf/components/esp_rom/esp32s3/ld/esp32s3.rom.api.ld
-- Adding linker script /home/master/esp/v5.5/esp-idf/components/esp_rom/esp32s3/ld/esp32s3.rom.bt_funcs.ld
-- Adding linker script /home/master/esp/v5.5/esp-idf/components/esp_rom/esp32s3/ld/esp32s3.rom.libgcc.ld
-- Adding linker script /home/master/esp/v5.5/esp-idf/components/esp_rom/esp32s3/ld/esp32s3.rom.wdt.ld
-- Adding linker script /home/master/esp/v5.5/esp-idf/components/esp_rom/esp32s3/ld/esp32s3.rom.version.ld
-- Adding linker script /home/master/esp/v5.5/esp-idf/components/esp_rom/esp32s3/ld/esp32s3.rom.ble_master.ld
-- Adding linker script /home/master/esp/v5.5/esp-idf/components/esp_rom/esp32s3/ld/esp32s3.rom.ble_50.ld
-- Adding linker script /home/master/esp/v5.5/esp-idf/components/esp_rom/esp32s3/ld/esp32s3.rom.ble_smp.ld
-- Adding linker script /home/master/esp/v5.5/esp-idf/components/esp_rom/esp32s3/ld/esp32s3.rom.ble_dtm.ld
-- Adding linker script /home/master/esp/v5.5/esp-idf/components/esp_rom/esp32s3/ld/esp32s3.rom.ble_test.ld
-- Adding linker script /home/master/esp/v5.5/esp-idf/components/esp_rom/esp32s3/ld/esp32s3.rom.ble_scan.ld
-- Adding linker script /home/master/esp/v5.5/esp-idf/components/esp_rom/esp32s3/ld/esp32s3.rom.libc.ld
-- Adding linker script /home/master/esp/v5.5/esp-idf/components/esp_rom/esp32s3/ld/esp32s3.rom.newlib.ld
-- Adding linker script /home/master/esp/v5.5/esp-idf/components/soc/esp32s3/ld/esp32s3.peripherals.ld
-- i2cdev: ESP-IDF v5.5 detected, using new i2c_master driver
-- i2cdev: Compiling with new I2C master driver (i2cdev.c)
-- IOT_USBH_CDC: 3.0.0
-- IOT_ETH: 1.0.0
-- MODEM_AT: 0.1.0
-- IOT_USBH_MODEM: 2.0.0
-- Components: app_trace app_update bootloader bootloader_support bt cmock console cxx driver efuse esp-idf-lib__esp_idf_lib_helpers esp-idf-lib__i2cdev esp-idf-lib__pcf8574 esp-tls esp_adc esp_app_format esp_bootloader_format esp_coex esp_common esp_driver_ana_cmpr esp_driver_bitscrambler esp_driver_cam esp_driver_dac esp_driver_gpio esp_driver_gptimer esp_driver_i2c esp_driver_i2s esp_driver_isp esp_driver_jpeg esp_driver_ledc esp_driver_mcpwm esp_driver_parlio esp_driver_pcnt esp_driver_ppa esp_driver_rmt esp_driver_sdio esp_driver_sdm esp_driver_sdmmc esp_driver_sdspi esp_driver_spi esp_driver_touch_sens esp_driver_tsens esp_driver_twai esp_driver_uart esp_driver_usb_serial_jtag esp_eth esp_event esp_gdbstub esp_hid esp_http_client esp_http_server esp_https_ota esp_https_server esp_hw_support esp_lcd esp_local_ctrl esp_mm esp_netif esp_netif_stack esp_partition esp_phy esp_pm esp_psram esp_ringbuf esp_rom esp_security esp_system esp_timer esp_vfs_console esp_wifi espcoredump espressif__ch390 espressif__cmake_utilities espressif__enc28j60 espressif__ethernet_init espressif__iot_eth espressif__iot_usbh_cdc espressif__iot_usbh_modem espressif__lan865x espressif__lan86xx_common espressif__modem_at esptool_py fatfs freertos garag__esp-idf-pn532 hal heap http_parser idf_test ieee802154 json log lwip main mbedtls mqtt newlib nvs_flash nvs_sec_provider openthread partition_table perfmon protobuf-c protocomm pthread rt sdmmc soc spi_flash spiffs tcp_transport touch_element ulp unity usb vfs wear_levelling wifi_provisioning wpa_supplicant xtensa
-- Component paths: /home/master/esp/v5.5/esp-idf/components/app_trace /home/master/esp/v5.5/esp-idf/components/app_update /home/master/esp/v5.5/esp-idf/components/bootloader /home/master/esp/v5.5/esp-idf/components/bootloader_support /home/master/esp/v5.5/esp-idf/components/bt /home/master/esp/v5.5/esp-idf/components/cmock /home/master/esp/v5.5/esp-idf/components/console /home/master/esp/v5.5/esp-idf/components/cxx /home/master/esp/v5.5/esp-idf/components/driver /home/master/esp/v5.5/esp-idf/components/efuse /home/master/project/traffic-light_nfc_s3/managed_components/esp-idf-lib__esp_idf_lib_helpers /home/master/project/traffic-light_nfc_s3/managed_components/esp-idf-lib__i2cdev /home/master/project/traffic-light_nfc_s3/managed_components/esp-idf-lib__pcf8574 /home/master/esp/v5.5/esp-idf/components/esp-tls /home/master/esp/v5.5/esp-idf/components/esp_adc /home/master/esp/v5.5/esp-idf/components/esp_app_format /home/master/esp/v5.5/esp-idf/components/esp_bootloader_format /home/master/esp/v5.5/esp-idf/components/esp_coex /home/master/esp/v5.5/esp-idf/components/esp_common /home/master/esp/v5.5/esp-idf/components/esp_driver_ana_cmpr /home/master/esp/v5.5/esp-idf/components/esp_driver_bitscrambler /home/master/esp/v5.5/esp-idf/components/esp_driver_cam /home/master/esp/v5.5/esp-idf/components/esp_driver_dac /home/master/esp/v5.5/esp-idf/components/esp_driver_gpio /home/master/esp/v5.5/esp-idf/components/esp_driver_gptimer /home/master/esp/v5.5/esp-idf/components/esp_driver_i2c /home/master/esp/v5.5/esp-idf/components/esp_driver_i2s /home/master/esp/v5.5/esp-idf/components/esp_driver_isp /home/master/esp/v5.5/esp-idf/components/esp_driver_jpeg /home/master/esp/v5.5/esp-idf/components/esp_driver_ledc /home/master/esp/v5.5/esp-idf/components/esp_driver_mcpwm /home/master/esp/v5.5/esp-idf/components/esp_driver_parlio /home/master/esp/v5.5/esp-idf/components/esp_driver_pcnt /home/master/esp/v5.5/esp-idf/components/esp_driver_ppa /home/master/esp/v5.5/esp-idf/components/esp_driver_rmt /home/master/esp/v5.5/esp-idf/components/esp_driver_sdio /home/master/esp/v5.5/esp-idf/components/esp_driver_sdm /home/master/esp/v5.5/esp-idf/components/esp_driver_sdmmc /home/master/esp/v5.5/esp-idf/components/esp_driver_sdspi /home/master/esp/v5.5/esp-idf/components/esp_driver_spi /home/master/esp/v5.5/esp-idf/components/esp_driver_touch_sens /home/master/esp/v5.5/esp-idf/components/esp_driver_tsens /home/master/esp/v5.5/esp-idf/components/esp_driver_twai /home/master/esp/v5.5/esp-idf/components/esp_driver_uart /home/master/esp/v5.5/esp-idf/components/esp_driver_usb_serial_jtag /home/master/esp/v5.5/esp-idf/components/esp_eth /home/master/esp/v5.5/esp-idf/components/esp_event /home/master/esp/v5.5/esp-idf/components/esp_gdbstub /home/master/esp/v5.5/esp-idf/components/esp_hid /home/master/esp/v5.5/esp-idf/components/esp_http_client /home/master/esp/v5.5/esp-idf/components/esp_http_server /home/master/esp/v5.5/esp-idf/components/esp_https_ota /home/master/esp/v5.5/esp-idf/components/esp_https_server /home/master/esp/v5.5/esp-idf/components/esp_hw_support /home/master/esp/v5.5/esp-idf/components/esp_lcd /home/master/esp/v5.5/esp-idf/components/esp_local_ctrl /home/master/esp/v5.5/esp-idf/components/esp_mm /home/master/esp/v5.5/esp-idf/components/esp_netif /home/master/esp/v5.5/esp-idf/components/esp_netif_stack /home/master/esp/v5.5/esp-idf/components/esp_partition /home/master/esp/v5.5/esp-idf/components/esp_phy /home/master/esp/v5.5/esp-idf/components/esp_pm /home/master/esp/v5.5/esp-idf/components/esp_psram /home/master/esp/v5.5/esp-idf/components/esp_ringbuf /home/master/esp/v5.5/esp-idf/components/esp_rom /home/master/esp/v5.5/esp-idf/components/esp_security /home/master/esp/v5.5/esp-idf/components/esp_system /home/master/esp/v5.5/esp-idf/components/esp_timer /home/master/esp/v5.5/esp-idf/components/esp_vfs_console /home/master/esp/v5.5/esp-idf/components/esp_wifi /home/master/esp/v5.5/esp-idf/components/espcoredump /home/master/project/traffic-light_nfc_s3/managed_components/espressif__ch390 /home/master/project/traffic-light_nfc_s3/managed_components/espressif__cmake_utilities /home/master/project/traffic-light_nfc_s3/managed_components/espressif__enc28j60 /home/master/project/traffic-light_nfc_s3/managed_components/espressif__ethernet_init /home/master/project/traffic-light_nfc_s3/managed_components/espressif__iot_eth /home/master/project/traffic-light_nfc_s3/managed_components/espressif__iot_usbh_cdc /home/master/project/traffic-light_nfc_s3/managed_components/espressif__iot_usbh_modem /home/master/project/traffic-light_nfc_s3/managed_components/espressif__lan865x /home/master/project/traffic-light_nfc_s3/managed_components/espressif__lan86xx_common /home/master/project/traffic-light_nfc_s3/managed_components/espressif__modem_at /home/master/esp/v5.5/esp-idf/components/esptool_py /home/master/esp/v5.5/esp-idf/components/fatfs /home/master/esp/v5.5/esp-idf/components/freertos /home/master/project/traffic-light_nfc_s3/managed_components/garag__esp-idf-pn532 /home/master/esp/v5.5/esp-idf/components/hal /home/master/esp/v5.5/esp-idf/components/heap /home/master/esp/v5.5/esp-idf/components/http_parser /home/master/esp/v5.5/esp-idf/components/idf_test /home/master/esp/v5.5/esp-idf/components/ieee802154 /home/master/esp/v5.5/esp-idf/components/json /home/master/esp/v5.5/esp-idf/components/log /home/master/esp/v5.5/esp-idf/components/lwip /home/master/project/traffic-light_nfc_s3/main /home/master/esp/v5.5/esp-idf/components/mbedtls /home/master/esp/v5.5/esp-idf/components/mqtt /home/master/esp/v5.5/esp-idf/components/newlib /home/master/esp/v5.5/esp-idf/components/nvs_flash /home/master/esp/v5.5/esp-idf/components/nvs_sec_provider /home/master/esp/v5.5/esp-idf/components/openthread /home/master/esp/v5.5/esp-idf/components/partition_table /home/master/esp/v5.5/esp-idf/components/perfmon /home/master/esp/v5.5/esp-idf/components/protobuf-c /home/master/esp/v5.5/esp-idf/components/protocomm /home/master/esp/v5.5/esp-idf/components/pthread /home/master/esp/v5.5/esp-idf/components/rt /home/master/esp/v5.5/esp-idf/components/sdmmc /home/master/esp/v5.5/esp-idf/components/soc /home/master/esp/v5.5/esp-idf/components/spi_flash /home/master/esp/v5.5/esp-idf/components/spiffs /home/master/esp/v5.5/esp-idf/components/tcp_transport /home/master/esp/v5.5/esp-idf/components/touch_element /home/master/esp/v5.5/esp-idf/components/ulp /home/master/esp/v5.5/esp-idf/components/unity /home/master/esp/v5.5/esp-idf/components/usb /home/master/esp/v5.5/esp-idf/components/vfs /home/master/esp/v5.5/esp-idf/components/wear_levelling /home/master/esp/v5.5/esp-idf/components/wifi_provisioning /home/master/esp/v5.5/esp-idf/components/wpa_supplicant /home/master/esp/v5.5/esp-idf/components/xtensa
-- Configuring done (6.6s)
-- Generating done (0.5s)
-- Build files have been written to: /home/master/project/traffic-light_nfc_s3/build
Running ninja in directory /home/master/project/traffic-light_nfc_s3/build
Executing "ninja all"...
[1/15] Generating ../../ota_data_initial.bin
[2/15] Generating ../../partition_table/partition-table.bin
Partition table binary generated. Contents:
*******************************************************************************
# ESP-IDF Partition Table
# Name, Type, SubType, Offset, Size, Flags
nvs,data,nvs,0x9000,24K,
otadata,data,ota,0xf000,8K,
phy_init,data,phy,0x11000,4K,
ota_0,app,ota_0,0x20000,3584K,
ota_1,app,ota_1,0x3a0000,3584K,
*******************************************************************************
[3/15] Generating x509_crt_bundle
[4/15] Generating ../../x509_crt_bundle.S
[5/15] Building ASM object esp-idf/mbedtls/CMakeFiles/__idf_mbedtls.dir/__/__/x509_crt_bundle.S.obj
[6/15] Linking C static library esp-idf/mbedtls/libmbedtls.a
[7/15] Performing configure step for 'bootloader'
-- Minimal build - OFF
-- Building ESP-IDF components for target esp32s3
-- Project sdkconfig file /home/master/project/traffic-light_nfc_s3/sdkconfig
-- Compiler supported targets: xtensa-esp-elf
-- Adding linker script /home/master/esp/v5.5/esp-idf/components/soc/esp32s3/ld/esp32s3.peripherals.ld
-- Bootloader project name: "bootloader" version: 1
-- Adding linker script /home/master/esp/v5.5/esp-idf/components/esp_rom/esp32s3/ld/esp32s3.rom.ld
-- Adding linker script /home/master/esp/v5.5/esp-idf/components/esp_rom/esp32s3/ld/esp32s3.rom.api.ld
-- Adding linker script /home/master/esp/v5.5/esp-idf/components/esp_rom/esp32s3/ld/esp32s3.rom.bt_funcs.ld
-- Adding linker script /home/master/esp/v5.5/esp-idf/components/esp_rom/esp32s3/ld/esp32s3.rom.libgcc.ld
-- Adding linker script /home/master/esp/v5.5/esp-idf/components/esp_rom/esp32s3/ld/esp32s3.rom.wdt.ld
-- Adding linker script /home/master/esp/v5.5/esp-idf/components/esp_rom/esp32s3/ld/esp32s3.rom.version.ld
-- Adding linker script /home/master/esp/v5.5/esp-idf/components/esp_rom/esp32s3/ld/esp32s3.rom.libc.ld
-- Adding linker script /home/master/esp/v5.5/esp-idf/components/esp_rom/esp32s3/ld/esp32s3.rom.newlib.ld
-- Adding linker script /home/master/esp/v5.5/esp-idf/components/bootloader/subproject/main/ld/esp32s3/bootloader.ld
-- Adding linker script /home/master/esp/v5.5/esp-idf/components/bootloader/subproject/main/ld/esp32s3/bootloader.rom.ld
-- Components: bootloader bootloader_support efuse esp_app_format esp_bootloader_format esp_common esp_hw_support esp_rom esp_security esp_system esptool_py freertos hal log main micro-ecc newlib partition_table soc spi_flash xtensa
-- Component paths: /home/master/esp/v5.5/esp-idf/components/bootloader /home/master/esp/v5.5/esp-idf/components/bootloader_support /home/master/esp/v5.5/esp-idf/components/efuse /home/master/esp/v5.5/esp-idf/components/esp_app_format /home/master/esp/v5.5/esp-idf/components/esp_bootloader_format /home/master/esp/v5.5/esp-idf/components/esp_common /home/master/esp/v5.5/esp-idf/components/esp_hw_support /home/master/esp/v5.5/esp-idf/components/esp_rom /home/master/esp/v5.5/esp-idf/components/esp_security /home/master/esp/v5.5/esp-idf/components/esp_system /home/master/esp/v5.5/esp-idf/components/esptool_py /home/master/esp/v5.5/esp-idf/components/freertos /home/master/esp/v5.5/esp-idf/components/hal /home/master/esp/v5.5/esp-idf/components/log /home/master/esp/v5.5/esp-idf/components/bootloader/subproject/main /home/master/esp/v5.5/esp-idf/components/bootloader/subproject/components/micro-ecc /home/master/esp/v5.5/esp-idf/components/newlib /home/master/esp/v5.5/esp-idf/components/partition_table /home/master/esp/v5.5/esp-idf/components/soc /home/master/esp/v5.5/esp-idf/components/spi_flash /home/master/esp/v5.5/esp-idf/components/xtensa
-- Configuring done (1.3s)
-- Generating done (0.0s)
-- Build files have been written to: /home/master/project/traffic-light_nfc_s3/build/bootloader
[8/15] Performing build step for 'bootloader'
[1/2] Generating binary image from built executable
esptool.py v4.9.0
Creating esp32s3 image...
Merged 2 ELF sections
Successfully created esp32s3 image.
Generated /home/master/project/traffic-light_nfc_s3/build/bootloader/bootloader.bin
[2/2] cd /home/master/project/traffic-light_nfc_s3/build/bootloader/esp-idf/esptool_py && /home/master/.espressif/python_env/idf5.5_py3.10_env/bin/python /home/master/esp/v5.5/esp-idf/components/partition_table/check_sizes.py --offset 0x8000 bootloader 0x0 /home/master/project/traffic-light_nfc_s3/build/bootloader/bootloader.bin
Bootloader binary size 0x52c0 bytes. 0x2d40 bytes (35%) free.
[9/15] No install step for 'bootloader'
[10/15] Completed 'bootloader'
[11/15] Generating esp-idf/esp_system/ld/sections.ld
[12/15] Building C object CMakeFiles/traffic-light_nfc_s3.elf.dir/project_elf_src_esp32s3.c.obj
[13/15] Linking CXX executable traffic-light_nfc_s3.elf
[14/15] Generating binary image from built executable
esptool.py v4.9.0
Creating esp32s3 image...
Merged 2 ELF sections
Successfully created esp32s3 image.
Generated /home/master/project/traffic-light_nfc_s3/build/traffic-light_nfc_s3.bin
[15/15] cd /home/master/project/traffic-light_nfc_s3/build/esp-idf/esptool_py && /home/master/.espressif/python_env/idf5.5_py3.10_env/bin/python /home/master/esp/v5.5/esp-idf/components/partition_table/check_sizes.py --offset 0x8000 partition --type app /home/master/project/traffic-light_nfc_s3/build/partition_table/partition-table.bin /home/master/project/traffic-light_nfc_s3/build/traffic-light_nfc_s3.bin
traffic-light_nfc_s3.bin binary size 0x15a3f0 bytes. Smallest app partition is 0x380000 bytes. 0x225c10 bytes (61%) free.

Project build complete. To flash, run:
 idf.py flash
or
 idf.py -p PORT flash
or
 python -m esptool --chip esp32s3 -b 460800 --before default_reset --after hard_reset write_flash --flash_mode dio --flash_size 8MB --flash_freq 80m 0x0 build/bootloader/bootloader.bin 0x8000 build/partition_table/partition-table.bin 0xf000 build/ota_data_initial.bin 0x20000 build/traffic-light_nfc_s3.bin
or from the "/home/master/project/traffic-light_nfc_s3/build" directory
 python -m esptool --chip esp32s3 -b 460800 --before default_reset --after hard_reset write_flash "@flash_args"
